// Jest Snapshot v1, https://goo.gl/fbAQLP

exports[`changes the class when hovered 1`] = `
<div
  className="p-8"
>
  <form
    onSubmit={[Function]}
  >
    <textarea
      className="block px-4 w-full rounded-md border-0 text-gray-900 shadow-sm ring-1 ring-inset ring-gray-300 placeholder:text-gray-400 focus:ring-2 focus:ring-inset focus:ring-indigo-600 sm:py-1.5 sm:text-sm sm:leading-6"
      maxLength={5000}
      onChange={[Function]}
      placeholder="Enter Job Description"
      rows="6"
      value=""
    />
    <div
      className="pt-2"
    >
      Character Limit: 
      0
      /
      5000
    </div>
    <div
      className="py-4"
    >
      <button
        className="text-xl p-2 rounded-md border border-2"
        type="submit"
      >
        Submit
      </button>
    </div>
  </form>
</div>
`;
